// Jest Snapshot v1, https://goo.gl/fbAQLP

exports[`Accessible Tabs should renderd Accessible Tabs 1`] = `
<div>
  <div
    class="sc-bczRLJ Kvmjt"
  >
    <h3
      id="tablist-0"
    >
      Danish Composers
    </h3>
    <div
      aria-labelledby="tablist-0"
      class="sc-gsnTZi oDuzQ manual"
      role="tablist"
    >
      <button
        aria-controls="tablist-0-tabpanel-0"
        aria-selected="true"
        class="sc-dkzDqf kSATmS"
        id="tablist-0-tab-0"
        role="tab"
        type="button"
      >
        <span
          class="focus"
        >
          Maria Ahlefeldt
        </span>
      </button>
      <button
        aria-controls="tablist-0-tabpanel-1"
        aria-selected="false"
        class="sc-dkzDqf kSATmS"
        id="tablist-0-tab-1"
        role="tab"
        tabindex="-1"
        type="button"
      >
        <span
          class="focus"
        >
          Carl Andersen
        </span>
      </button>
      <button
        aria-controls="tablist-0-tabpanel-2"
        aria-selected="false"
        class="sc-dkzDqf kSATmS"
        id="tablist-0-tab-2"
        role="tab"
        tabindex="-1"
        type="button"
      >
        <span
          class="focus"
        >
          Ida da Fonseca
        </span>
      </button>
      <button
        aria-controls="tablist-0-tabpanel-3"
        aria-selected="false"
        class="sc-dkzDqf kSATmS"
        id="tablist-0-tab-3"
        role="tab"
        tabindex="-1"
        type="button"
      >
        <span
          class="focus"
        >
          Peter Lange-Müller
        </span>
      </button>
    </div>
    <div
      aria-labelledby="tablist-0-tab-0"
      class="sc-hKMtZM jMZDUb"
      id="tablist-0-tabpanel-0"
      role="tabpanel"
    >
      <p>
        <a
          href="https://en.wikipedia.org/wiki/Maria_Theresia_Ahlefeldt"
        >
          Maria Theresia Ahlefeldt
        </a>
        <span>
          (16 January 1755 – 20 December 1810) was a Danish, (originally German), composer. She is known as the first female composer in Denmark. Maria Theresia composed music for several ballets, operas, and plays of the royal theatre. She was given good critic as a composer and described as a "
          <span>
            virkelig Tonekunstnerinde
          </span>
          " ('a True Artist of Music').
        </span>
      </p>
    </div>
    <div
      aria-labelledby="tablist-0-tab-1"
      class="sc-hKMtZM jMZDUb is-hidden"
      id="tablist-0-tabpanel-1"
      role="tabpanel"
    >
      <p>
        <a
          href="https://en.wikipedia.org/wiki/Joachim_Andersen_(composer)"
        >
          Carl Joachim Andersen
        </a>
        <span>
          (29 April 1847 – 7 May 1909) was a Danish flutist, conductor and composer born in Copenhagen, son of the flutist Christian Joachim Andersen. Both as a virtuoso and as composer of flute music, he is considered one of the best of his time. He was considered to be a tough leader and teacher and demanded as such a lot from his orchestras but through that style he reached a high level.
        </span>
      </p>
    </div>
    <div
      aria-labelledby="tablist-0-tab-2"
      class="sc-hKMtZM jMZDUb is-hidden"
      id="tablist-0-tabpanel-2"
      role="tabpanel"
    >
      <p>
        <a
          href="https://en.wikipedia.org/wiki/Ida_Henriette_da_Fonseca"
        >
          Ida Henriette da Fonseca
        </a>
        <span>
          (July 27, 1802 – July 6, 1858) was a Danish opera singer and composer.  Ida Henriette da Fonseca was the daughter of Abraham da Fonseca (1776–1849) and Marie Sofie Kiærskou (1784–1863). She and her sister Emilie da Fonseca were students of Giuseppe Siboni, choir master of the Opera in Copenhagen. She was given a place at the royal Opera alongside her sister the same year she debuted in 1827.
        </span>
      </p>
    </div>
    <div
      aria-labelledby="tablist-0-tab-3"
      class="sc-hKMtZM jMZDUb is-hidden"
      id="tablist-0-tabpanel-3"
      role="tabpanel"
    >
      <p>
        <a
          href="https://en.wikipedia.org/wiki/Peter_Lange-M%C3%BCller"
        >
          Peter Erasmus Lange-Müller
        </a>
        <span>
          (1 December 1850 – 26 February 1926) was a Danish composer and pianist. His compositional style was influenced by Danish folk music and by the work of Robert Schumann; Johannes Brahms; and his Danish countrymen, including J.P.E. Hartmann.
        </span>
      </p>
    </div>
  </div>
</div>
`;
